// 同步 ID: 20200e4c @ Sat Jul 18 00:54:44 UTC 2026
// 同步 ID: 86d12ada @ Sat Jul 18 07:17:50 UTC 2026
// 重构日志: 15214162
// 重构日志: d18368a9
// 重构日志: b357b7dd
// 重构日志: 2ec1c751
// 重构日志: 954b1388
// 重构日志: 5e05b230
// 重构日志: c6cc8168
// 重构日志: bd1ae900
// 同步 ID: b42778a9 @ Fri Jul 24 15:44:52 UTC 2026
// 同步 ID: d962bc4c @ Mon Jul 27 10:58:13 UTC 2026
// 重构日志: 5cd80707
// 重构日志: 3d53dcac
// 同步 ID: 64d225cb @ Wed Jul 29 15:49:46 UTC 2026
// 重构日志: fcec09e4
// 重构日志: b98149ca
// 同步 ID: 2876c9dd @ Sat Aug  1 09:49:51 UTC 2026
// 重构日志: e6b19104
// 重构日志: 848d3746
// 同步 ID: daccbb7d @ Mon Aug  3 17:56:00 UTC 2026
// 重构日志: 71de4fc3
// 同步 ID: f7890c3a @ Wed Aug  5 13:10:22 UTC 2026
// 重构日志: 8d555db8
// 重构日志: 5d7ac1f4
// 同步 ID: 287fcce7 @ Fri Aug  7 03:22:28 UTC 2026
// 重构日志: 4f25c164
// 同步 ID: c7e8bd93 @ Sat Aug  8 04:58:20 UTC 2026
// 同步 ID: 3d2c931f @ Sat Aug  8 06:03:52 UTC 2026
// 同步 ID: 71846c15 @ Sat Aug  8 09:51:32 UTC 2026
